// Vitest Snapshot v1, https://vitest.dev/guide/snapshot.html

exports[`<GridContent /> > should match snapshot 1`] = `
<div
  class="sc-fmZSGO cqWQSY"
  data-testid="section-background"
>
  <div
    class="sc-gwsNht cxvrue"
    data-testid="section-container"
  >
    <div
      class="sc-bXdtCk eOffcb"
    >
      <h2
        class="sc-dYOLZc dwtOGd"
        data-testid="heading"
      >
        O título da Aplicação
      </h2>
      <div
        class="sc-hKDTPf eyKtpL"
      >
        <div
          class="sc-jMpmlX fCkSEf"
          data-testid="text-component"
        >
          <p>
            <strong>
              Pellentesque habitant morbi tristique
            </strong>
             senectus et netus et malesuada fames ac turpis egestas. Vestibulum tortor quam, feugiat vitae, ultricies eget, tempor sit amet, ante. Donec eu libero sit amet quam egestas semper. 
            <em>
              Aenean ultricies mi vitae est.
            </em>
             Mauris placerat eleifend leo. Quisque sit amet est et sapien ullamcorper pharetra. Vestibulum erat wisi, condimentum sed, 
            <code>
              commodo vitae
            </code>
            , ornare sit amet, wisi. Aenean fermentum, elit eget tincidunt condimentum, eros ipsum rutrum orci, sagittis tempus lacus enim ac dui. 
            <a
              href="#"
            >
              Donec non enim
            </a>
             in turpis pulvinar facilisis. Ut felis.
          </p>
          

  
          <h2>
            Header Level 2
          </h2>
          

  
          <ol>
            
    
            <li>
              Lorem ipsum dolor sit amet, consectetuer adipiscing elit.
            </li>
            
    
            <li>
              Aliquam tincidunt mauris eu risus.
            </li>
            
  
          </ol>
          

  
          <blockquote>
            <p>
              Lorem ipsum dolor sit amet, consectetur adipiscing elit.
            </p>
          </blockquote>
          

  
          <h3>
            Header Level 3
          </h3>
          

  
          <ul>
            
    
            <li>
              Lorem ipsum dolor sit amet, consectetuer adipiscing elit.
            </li>
            
    
            <li>
              Aliquam tincidunt mauris eu risus.
            </li>
            
  
          </ul>
          

  
          <pre>
            <code>
              const example = "This is a code block";
            </code>
          </pre>
        </div>
      </div>
    </div>
  </div>
</div>
`;
